function f1()
{
    return 5;
}

$t[1]["pml"][$x] = f1();


