class Foo
{
    public const HELLO = "world"
    public $foo;
}



